2026-08-08 13:41:05,668 - main - INFO - === Logging system initialized ===
2026-08-08 13:41:05,668 - main - INFO - Log file: logs/app_20260808_134105.log
2026-08-08 13:41:05,669 - main - INFO - Log level: INFO
2026-08-08 13:41:05,669 - main - INFO - Timestamp: 20260808_134105
2026-08-08 13:41:13,019 - main - INFO - Included router: routers.aihub.router
2026-08-08 13:41:13,027 - main - INFO - Included router: routers.auth.router
2026-08-08 13:41:13,039 - main - INFO - Included router: routers.face_analysis.router
2026-08-08 13:41:13,040 - main - INFO - Included router: routers.health.router
2026-08-08 13:41:13,538 - routers.lipsticks - INFO - Loaded 6190 lipstick records from /workspaces/beauty-fit-ai-progect-63/App/backend/data/lipstick_enriched.json
2026-08-08 13:41:13,561 - main - INFO - Included router: routers.lipsticks.router
2026-08-08 13:41:13,753 - main - INFO - Included router: routers.payments.router
2026-08-08 13:41:13,765 - services.pro_tutorial - INFO - [GeminiKeyManager] Initialized with 1 API key(s).
2026-08-08 13:41:13,769 - main - INFO - Included router: routers.pro_tutorial.router
2026-08-08 13:41:13,779 - main - INFO - Included router: routers.settings.router
2026-08-08 13:41:13,801 - main - INFO - Included router: routers.storage.router
2026-08-08 13:41:13,804 - main - INFO - Included router: routers.user.router
2026-08-08 13:41:14,078 - main - INFO - === Application startup initiated ===
2026-08-08 13:41:14,078 - services.database - DEBUG - [DB_OP] Starting database initialization
2026-08-08 13:41:14,078 - services.database - INFO - 🔧 Starting database initialization...
2026-08-08 13:41:14,079 - core.database - INFO - Starting database initialization...
2026-08-08 13:41:14,079 - core.database - INFO - Normalizing database URL for async compatibility...
2026-08-08 13:41:14,079 - core.database - WARNING - Adjusted database URL driver for async compatibility
2026-08-08 13:41:14,079 - core.database - INFO - Creating async database engine...
2026-08-08 13:41:14,080 - core.database - INFO - Using QueuePool with connection pooling for non-Lambda environment
2026-08-08 13:41:14,156 - core.database - INFO - Database engine created successfully
2026-08-08 13:41:14,156 - core.database - INFO - Creating async session maker...
2026-08-08 13:41:14,156 - core.database - INFO - Async session maker created successfully
2026-08-08 13:41:14,157 - core.database - INFO - Database connection initialized successfully
2026-08-08 13:41:14,157 - services.database - INFO - 🔧 Database connection initialized; skipping table creation in Supabase mode
2026-08-08 13:41:14,157 - services.database - INFO - Database initialized successfully
2026-08-08 13:41:14,157 - services.database - DEBUG - [DB_OP] Database initialization completed in 0.0785s
2026-08-08 13:41:14,157 - services.mock_data - INFO - mock_data directory not found, skipping mock initialization
2026-08-08 13:41:14,157 - services.database - DEBUG - [DB_OP] Starting database initialization
2026-08-08 13:41:14,157 - services.database - INFO - 🔧 Starting database initialization...
2026-08-08 13:41:14,157 - core.database - INFO - Starting database initialization...
2026-08-08 13:41:14,157 - core.database - INFO - Database already initialized
2026-08-08 13:41:14,158 - services.database - INFO - 🔧 Database connection initialized; skipping table creation in Supabase mode
2026-08-08 13:41:14,158 - services.database - INFO - Database initialized successfully
2026-08-08 13:41:14,158 - services.database - DEBUG - [DB_OP] Database initialization completed in 0.0006s
2026-08-08 13:41:14,158 - services.auth - WARNING - Admin user ID or email not configured, skipping admin initialization
2026-08-08 13:41:14,158 - main - INFO - === Application startup completed successfully ===
2026-08-08 13:44:15,824 - dependencies.auth - DEBUG - Authentication required for request GET /api/v1/auth/me
2026-08-08 13:45:42,637 - dependencies.auth - DEBUG - Authentication required for request GET /api/v1/auth/me
2026-08-08 13:46:26,943 - dependencies.auth - DEBUG - Authentication required for request GET /api/v1/auth/me
2026-08-08 13:48:52,693 - dependencies.auth - DEBUG - Authentication required for request GET /api/v1/auth/me
