2026-08-07 18:42:26,848 - main - INFO - === Logging system initialized ===
2026-08-07 18:42:26,848 - main - INFO - Log file: logs/app_20260807_184226.log
2026-08-07 18:42:26,849 - main - INFO - Log level: INFO
2026-08-07 18:42:26,849 - main - INFO - Timestamp: 20260807_184226
2026-08-07 18:42:31,627 - main - INFO - Included router: routers.aihub.router
2026-08-07 18:42:31,635 - main - INFO - Included router: routers.auth.router
2026-08-07 18:42:31,645 - main - INFO - Included router: routers.face_analysis.router
2026-08-07 18:42:31,645 - main - INFO - Included router: routers.health.router
2026-08-07 18:42:31,750 - routers.lipsticks - INFO - Loaded 6190 lipstick records from /workspaces/beauty-fit-ai-progect-63/App/backend/data/lipstick_enriched.json
2026-08-07 18:42:31,765 - main - INFO - Included router: routers.lipsticks.router
2026-08-07 18:42:31,791 - main - INFO - Included router: routers.payments.router
2026-08-07 18:42:31,801 - services.pro_tutorial - INFO - [GeminiKeyManager] Initialized with 1 API key(s).
2026-08-07 18:42:31,804 - main - INFO - Included router: routers.pro_tutorial.router
2026-08-07 18:42:31,816 - main - INFO - Included router: routers.settings.router
2026-08-07 18:42:31,841 - main - INFO - Included router: routers.storage.router
2026-08-07 18:42:31,844 - main - INFO - Included router: routers.user.router
2026-08-07 18:42:31,866 - main - INFO - === Application startup initiated ===
2026-08-07 18:42:31,866 - services.database - DEBUG - [DB_OP] Starting database initialization
2026-08-07 18:42:31,866 - services.database - INFO - 🔧 Starting database initialization...
2026-08-07 18:42:31,866 - core.database - INFO - Starting database initialization...
2026-08-07 18:42:31,867 - core.database - INFO - Normalizing database URL for async compatibility...
2026-08-07 18:42:31,867 - core.database - WARNING - Adjusted database URL driver for async compatibility
2026-08-07 18:42:31,867 - core.database - INFO - Creating async database engine...
2026-08-07 18:42:31,867 - core.database - INFO - Using QueuePool with connection pooling for non-Lambda environment
2026-08-07 18:42:31,897 - core.database - INFO - Database engine created successfully
2026-08-07 18:42:31,897 - core.database - INFO - Creating async session maker...
2026-08-07 18:42:31,897 - core.database - INFO - Async session maker created successfully
2026-08-07 18:42:31,897 - core.database - INFO - Database connection initialized successfully
2026-08-07 18:42:31,897 - services.database - INFO - 🔧 Database connection initialized; skipping table creation in Supabase mode
2026-08-07 18:42:31,897 - services.database - INFO - Database initialized successfully
2026-08-07 18:42:31,897 - services.database - DEBUG - [DB_OP] Database initialization completed in 0.0312s
2026-08-07 18:42:31,898 - services.mock_data - INFO - mock_data directory not found, skipping mock initialization
2026-08-07 18:42:31,898 - services.database - DEBUG - [DB_OP] Starting database initialization
2026-08-07 18:42:31,898 - services.database - INFO - 🔧 Starting database initialization...
2026-08-07 18:42:31,898 - core.database - INFO - Starting database initialization...
2026-08-07 18:42:31,898 - core.database - INFO - Database already initialized
2026-08-07 18:42:31,898 - services.database - INFO - 🔧 Database connection initialized; skipping table creation in Supabase mode
2026-08-07 18:42:31,898 - services.database - INFO - Database initialized successfully
2026-08-07 18:42:31,899 - services.database - DEBUG - [DB_OP] Database initialization completed in 0.0008s
2026-08-07 18:42:31,899 - services.auth - WARNING - Admin user ID or email not configured, skipping admin initialization
2026-08-07 18:42:31,899 - main - INFO - === Application startup completed successfully ===
2026-08-07 19:24:44,486 - dependencies.auth - DEBUG - Authentication required for request GET /api/v1/auth/me
