2026-08-13 19:39:39,512 - __main__ - INFO - === Logging system initialized ===
2026-08-13 19:39:39,512 - __main__ - INFO - Log file: logs/app_20260813_193939.log
2026-08-13 19:39:39,512 - __main__ - INFO - Log level: INFO
2026-08-13 19:39:39,512 - __main__ - INFO - Timestamp: 20260813_193939
2026-08-13 19:39:46,093 - __main__ - INFO - Included router: routers.aihub.router
2026-08-13 19:39:46,119 - __main__ - INFO - Included router: routers.auth.router
2026-08-13 19:39:46,145 - __main__ - INFO - Included router: routers.face_analysis.router
2026-08-13 19:39:46,147 - __main__ - INFO - Included router: routers.health.router
2026-08-13 19:39:46,430 - routers.lipsticks - INFO - Loaded 6190 lipstick records from /workspace/App/backend/data/lipstick_enriched.json
2026-08-13 19:39:46,467 - __main__ - INFO - Included router: routers.lipsticks.router
2026-08-13 19:39:46,542 - __main__ - INFO - Included router: routers.payments.router
2026-08-13 19:39:46,567 - services.pro_tutorial - INFO - [GeminiKeyManager] Initialized with 0 API key(s).
2026-08-13 19:39:46,577 - __main__ - INFO - Included router: routers.pro_tutorial.router
2026-08-13 19:39:46,595 - __main__ - INFO - Included router: routers.settings.router
2026-08-13 19:39:46,639 - __main__ - INFO - Included router: routers.storage.router
2026-08-13 19:39:46,646 - __main__ - INFO - Included router: routers.user.router
2026-08-13 19:39:46,719 - __main__ - INFO - === Application startup initiated ===
2026-08-13 19:39:46,720 - services.database - DEBUG - [DB_OP] Starting database initialization
2026-08-13 19:39:46,720 - services.database - INFO - 🔧 Starting database initialization...
2026-08-13 19:39:46,720 - core.database - INFO - Starting database initialization...
2026-08-13 19:39:46,720 - core.database - INFO - Normalizing database URL for async compatibility...
2026-08-13 19:39:46,722 - core.database - DEBUG - Database exists:./dev.db
2026-08-13 19:39:46,722 - core.database - INFO - Creating async database engine...
2026-08-13 19:39:46,722 - core.database - INFO - Using QueuePool with connection pooling for non-Lambda environment
2026-08-13 19:39:46,756 - core.database - INFO - Database engine created successfully
2026-08-13 19:39:46,756 - core.database - INFO - Creating async session maker...
2026-08-13 19:39:46,757 - core.database - INFO - Async session maker created successfully
2026-08-13 19:39:46,757 - core.database - INFO - Database connection initialized successfully
2026-08-13 19:39:46,757 - services.database - INFO - 🔧 Database connection initialized; skipping table creation in Supabase mode
2026-08-13 19:39:46,757 - services.database - INFO - Database initialized successfully
2026-08-13 19:39:46,757 - services.database - DEBUG - [DB_OP] Database initialization completed in 0.0373s
2026-08-13 19:39:46,757 - services.mock_data - INFO - mock_data directory not found, skipping mock initialization
2026-08-13 19:39:46,757 - services.database - DEBUG - [DB_OP] Starting database initialization
2026-08-13 19:39:46,757 - services.database - INFO - 🔧 Starting database initialization...
2026-08-13 19:39:46,757 - core.database - INFO - Starting database initialization...
2026-08-13 19:39:46,757 - core.database - INFO - Database already initialized
2026-08-13 19:39:46,758 - services.database - INFO - 🔧 Database connection initialized; skipping table creation in Supabase mode
2026-08-13 19:39:46,758 - services.database - INFO - Database initialized successfully
2026-08-13 19:39:46,758 - services.database - DEBUG - [DB_OP] Database initialization completed in 0.0004s
2026-08-13 19:39:46,758 - services.auth - WARNING - Admin user ID or email not configured, skipping admin initialization
2026-08-13 19:39:46,758 - __main__ - INFO - === Application startup completed successfully ===
