2026-08-13 19:58:56,917 - __main__ - INFO - === Logging system initialized ===
2026-08-13 19:58:56,918 - __main__ - INFO - Log file: logs/app_20260813_195856.log
2026-08-13 19:58:56,918 - __main__ - INFO - Log level: INFO
2026-08-13 19:58:56,918 - __main__ - INFO - Timestamp: 20260813_195856
2026-08-13 19:59:02,541 - __main__ - INFO - Included router: routers.aihub.router
2026-08-13 19:59:02,555 - __main__ - INFO - Included router: routers.auth.router
2026-08-13 19:59:02,576 - __main__ - INFO - Included router: routers.face_analysis.router
2026-08-13 19:59:02,577 - __main__ - INFO - Included router: routers.health.router
2026-08-13 19:59:02,790 - routers.lipsticks - INFO - Loaded 6190 lipstick records from /workspace/App/backend/data/lipstick_enriched.json
2026-08-13 19:59:02,816 - __main__ - INFO - Included router: routers.lipsticks.router
2026-08-13 19:59:02,989 - __main__ - INFO - Included router: routers.payments.router
2026-08-13 19:59:03,013 - services.pro_tutorial - INFO - [GeminiKeyManager] Initialized with 1 API key(s).
2026-08-13 19:59:03,022 - __main__ - INFO - Included router: routers.pro_tutorial.router
2026-08-13 19:59:03,041 - __main__ - INFO - Included router: routers.settings.router
2026-08-13 19:59:03,076 - __main__ - INFO - Included router: routers.storage.router
2026-08-13 19:59:03,082 - __main__ - INFO - Included router: routers.user.router
2026-08-13 19:59:03,119 - __main__ - INFO - === Application startup initiated ===
2026-08-13 19:59:03,119 - services.database - DEBUG - [DB_OP] Starting database initialization
2026-08-13 19:59:03,119 - services.database - INFO - 🔧 Starting database initialization...
2026-08-13 19:59:03,119 - core.database - INFO - Starting database initialization...
2026-08-13 19:59:03,119 - core.database - INFO - Normalizing database URL for async compatibility...
2026-08-13 19:59:03,121 - core.database - WARNING - Adjusted database URL driver for async compatibility
2026-08-13 19:59:03,121 - core.database - INFO - Creating async database engine...
2026-08-13 19:59:03,121 - core.database - INFO - Using QueuePool with connection pooling for non-Lambda environment
2026-08-13 19:59:03,178 - core.database - INFO - Database engine created successfully
2026-08-13 19:59:03,178 - core.database - INFO - Creating async session maker...
2026-08-13 19:59:03,178 - core.database - INFO - Async session maker created successfully
2026-08-13 19:59:03,178 - core.database - INFO - Database connection initialized successfully
2026-08-13 19:59:03,178 - services.database - INFO - 🔧 Database connection initialized; skipping table creation in Supabase mode
2026-08-13 19:59:03,178 - services.database - INFO - Database initialized successfully
2026-08-13 19:59:03,178 - services.database - DEBUG - [DB_OP] Database initialization completed in 0.0591s
2026-08-13 19:59:03,178 - services.mock_data - INFO - mock_data directory not found, skipping mock initialization
2026-08-13 19:59:03,178 - services.database - DEBUG - [DB_OP] Starting database initialization
2026-08-13 19:59:03,179 - services.database - INFO - 🔧 Starting database initialization...
2026-08-13 19:59:03,179 - core.database - INFO - Starting database initialization...
2026-08-13 19:59:03,179 - core.database - INFO - Database already initialized
2026-08-13 19:59:03,179 - services.database - INFO - 🔧 Database connection initialized; skipping table creation in Supabase mode
2026-08-13 19:59:03,179 - services.database - INFO - Database initialized successfully
2026-08-13 19:59:03,179 - services.database - DEBUG - [DB_OP] Database initialization completed in 0.0003s
2026-08-13 19:59:03,179 - services.auth - WARNING - Admin user ID or email not configured, skipping admin initialization
2026-08-13 19:59:03,179 - __main__ - INFO - === Application startup completed successfully ===
2026-08-13 19:59:11,890 - dependencies.auth - DEBUG - Authentication required for request GET /api/v1/auth/me
2026-08-13 19:59:17,589 - core.config - DEBUG - Read dynamic attribute jwt_secret_key from environment variable JWT_SECRET_KEY
2026-08-13 19:59:17,589 - core.config - DEBUG - Read dynamic attribute jwt_algorithm from environment variable JWT_ALGORITHM
2026-08-13 19:59:17,601 - core.auth - DEBUG - Authentication token validated for user hash: e7d7298a
2026-08-13 19:59:17,610 - core.auth - DEBUG - Authentication token validated for user hash: e7d7298a
2026-08-13 19:59:17,611 - core.database - DEBUG - [DB_OP] Starting get_db session creation
2026-08-13 19:59:17,612 - core.database - DEBUG - [DB_OP] Database session created successfully in 0.0009s
2026-08-13 19:59:18,730 - sqlalchemy.engine.Engine - INFO - select pg_catalog.version()
2026-08-13 19:59:18,730 - sqlalchemy.engine.Engine - INFO - [raw sql] ()
2026-08-13 19:59:19,247 - sqlalchemy.engine.Engine - INFO - select current_schema()
2026-08-13 19:59:19,248 - sqlalchemy.engine.Engine - INFO - [raw sql] ()
2026-08-13 19:59:19,934 - sqlalchemy.engine.Engine - INFO - show standard_conforming_strings
2026-08-13 19:59:19,934 - sqlalchemy.engine.Engine - INFO - [raw sql] ()
2026-08-13 19:59:20,457 - sqlalchemy.engine.Engine - INFO - BEGIN (implicit)
2026-08-13 19:59:20,531 - sqlalchemy.engine.Engine - INFO - SELECT entitlements.user_id, entitlements.plan, entitlements.status, entitlements.stripe_session_id, entitlements.stripe_customer_id, entitlements.stripe_subscription_id, entitlements.expires_at, entitlements.id, entitlements.created_at, entitlements.updated_at 
FROM entitlements 
WHERE entitlements.user_id = $1::VARCHAR AND entitlements.status = $2::VARCHAR ORDER BY entitlements.id DESC 
 LIMIT $3::INTEGER
2026-08-13 19:59:20,531 - sqlalchemy.engine.Engine - INFO - [generated in 0.00067s] ('final-check-user', 'active', 1)
2026-08-13 19:59:21,051 - core.database - DEBUG - [DB_OP] Database session cleanup after 3.4400s
2026-08-13 19:59:21,051 - sqlalchemy.engine.Engine - INFO - ROLLBACK
2026-08-13 19:59:21,059 - core.auth - DEBUG - Authentication token validated for user hash: e7d7298a
2026-08-13 19:59:21,059 - core.database - DEBUG - [DB_OP] Starting get_db session creation
2026-08-13 19:59:21,059 - core.database - DEBUG - [DB_OP] Database session created successfully in 0.0002s
2026-08-13 19:59:22,257 - sqlalchemy.engine.Engine - INFO - BEGIN (implicit)
2026-08-13 19:59:22,258 - sqlalchemy.engine.Engine - INFO - SELECT entitlements.user_id, entitlements.plan, entitlements.status, entitlements.stripe_session_id, entitlements.stripe_customer_id, entitlements.stripe_subscription_id, entitlements.expires_at, entitlements.id, entitlements.created_at, entitlements.updated_at 
FROM entitlements 
WHERE entitlements.user_id = $1::VARCHAR AND entitlements.status = $2::VARCHAR
2026-08-13 19:59:22,259 - sqlalchemy.engine.Engine - INFO - [generated in 0.00036s] ('final-check-user', 'active')
2026-08-13 19:59:22,781 - routers.pro_tutorial - INFO - Pro access denied for user (no active entitlement)
2026-08-13 19:59:22,781 - core.database - ERROR - Database session error: 403: Pro access required. Please purchase a plan to unlock this report.
Traceback (most recent call last):
  File "/workspace/App/backend/core/database.py", line 573, in get_db
    yield session
  File "/usr/local/lib/python3.11/dist-packages/fastapi/routing.py", line 144, in app
    response = await f(request)
               ^^^^^^^^^^^^^^^^
  File "/usr/local/lib/python3.11/dist-packages/fastapi/routing.py", line 481, in app
    solved_result = await solve_dependencies(
                    ^^^^^^^^^^^^^^^^^^^^^^^^^
  File "/usr/local/lib/python3.11/dist-packages/fastapi/dependencies/utils.py", line 674, in solve_dependencies
    solved = await call(**solved_result.values)
             ^^^^^^^^^^^^^^^^^^^^^^^^^^^^^^^^^^
  File "/workspace/App/backend/routers/pro_tutorial.py", line 41, in require_pro_entitlement
    raise HTTPException(
fastapi.exceptions.HTTPException: 403: Pro access required. Please purchase a plan to unlock this report.
2026-08-13 19:59:22,786 - core.database - DEBUG - [DB_OP] Database session cleanup after 1.7273s
2026-08-13 19:59:22,787 - sqlalchemy.engine.Engine - INFO - ROLLBACK
2026-08-13 19:59:22,961 - core.database - ERROR - Failed to create database session: 403: Pro access required. Please purchase a plan to unlock this report.
Traceback (most recent call last):
  File "/workspace/App/backend/core/database.py", line 573, in get_db
    yield session
  File "/usr/local/lib/python3.11/dist-packages/fastapi/routing.py", line 144, in app
    response = await f(request)
               ^^^^^^^^^^^^^^^^
  File "/usr/local/lib/python3.11/dist-packages/fastapi/routing.py", line 481, in app
    solved_result = await solve_dependencies(
                    ^^^^^^^^^^^^^^^^^^^^^^^^^
  File "/usr/local/lib/python3.11/dist-packages/fastapi/dependencies/utils.py", line 674, in solve_dependencies
    solved = await call(**solved_result.values)
             ^^^^^^^^^^^^^^^^^^^^^^^^^^^^^^^^^^
  File "/workspace/App/backend/routers/pro_tutorial.py", line 41, in require_pro_entitlement
    raise HTTPException(
fastapi.exceptions.HTTPException: 403: Pro access required. Please purchase a plan to unlock this report.
2026-08-13 19:59:22,969 - core.auth - DEBUG - Authentication token validated for user hash: e7d7298a
2026-08-13 19:59:22,970 - core.config - DEBUG - Read dynamic attribute frontend_url from environment variable FRONTEND_URL
2026-08-13 19:59:22,971 - services.payment - INFO - create checkout session with request: amount=Decimal('1.8') currency='usd' stripe_price_id=None quantity=1 mode='payment' ui_mode='hosted' return_url=None success_url='http://localhost:3000/checkout/success?session_id={CHECKOUT_SESSION_ID}' cancel_url='http://localhost:3000/results' metadata={'plan': 'one_time', 'style_id': '', 'user_id': 'final-check-user', 'email': 'final@beautyfit.dev'} idempotency_key=None
2026-08-13 19:59:22,971 - services.payment - INFO - Stripe API key loaded from environment
2026-08-13 19:59:22,971 - services.payment - INFO - Calling Stripe API to create checkout session...
2026-08-13 19:59:23,184 - stripe - INFO - message='Request to Stripe api' method=post url=https://api.stripe.com/v1/checkout/sessions
2026-08-13 19:59:23,184 - stripe - DEBUG - api_version=2026-07-29.dahlia message='Post details' post_data=line_items[0][price_data][currency]=usd&line_items[0][price_data][product_data][name]=Payment&line_items[0][price_data][unit_amount]=180&line_items[0][quantity]=1&mode=payment&metadata[plan]=one_time&metadata[style_id]=&metadata[user_id]=final-check-user&metadata[email]=final%40beautyfit.dev&success_url=http%3A%2F%2Flocalhost%3A3000%2Fcheckout%2Fsuccess%3Fsession_id%3D%7BCHECKOUT_SESSION_ID%7D&cancel_url=http%3A%2F%2Flocalhost%3A3000%2Fresults
2026-08-13 19:59:23,192 - httpcore.connection - DEBUG - connect_tcp.started host='api.stripe.com' port=443 local_address=None timeout=80 socket_options=None
2026-08-13 19:59:23,217 - httpcore.connection - DEBUG - connect_tcp.complete return_value=<httpcore._backends.anyio.AnyIOStream object at 0x7f393d9821d0>
2026-08-13 19:59:23,217 - httpcore.connection - DEBUG - start_tls.started ssl_context=<ssl.SSLContext object at 0x7f393a375d90> server_hostname='api.stripe.com' timeout=80
2026-08-13 19:59:23,242 - httpcore.connection - DEBUG - start_tls.complete return_value=<httpcore._backends.anyio.AnyIOStream object at 0x7f393ca0dc10>
2026-08-13 19:59:23,242 - httpcore.http11 - DEBUG - send_request_headers.started request=<Request [b'POST']>
2026-08-13 19:59:23,243 - httpcore.http11 - DEBUG - send_request_headers.complete
2026-08-13 19:59:23,243 - httpcore.http11 - DEBUG - send_request_body.started request=<Request [b'POST']>
2026-08-13 19:59:23,244 - httpcore.http11 - DEBUG - send_request_body.complete
2026-08-13 19:59:23,244 - httpcore.http11 - DEBUG - receive_response_headers.started request=<Request [b'POST']>
2026-08-13 19:59:23,795 - httpcore.http11 - DEBUG - receive_response_headers.complete return_value=(b'HTTP/1.1', 200, b'OK', [(b'Server', b'nginx'), (b'Date', b'Thu, 13 Aug 2026 19:59:24 GMT'), (b'Content-Type', b'application/json'), (b'Content-Length', b'3355'), (b'Connection', b'keep-alive'), (b'Access-Control-Allow-Credentials', b'true'), (b'Access-Control-Allow-Methods', b'GET, HEAD, PUT, PATCH, POST, DELETE'), (b'Access-Control-Allow-Origin', b'*'), (b'Access-Control-Expose-Headers', b'Request-Id, Stripe-Manage-Version, Stripe-Should-Retry, X-Stripe-External-Auth-Required, X-Stripe-Privileged-Session-Required'), (b'Access-Control-Max-Age', b'300'), (b'Cache-Control', b'no-cache, no-store'), (b'Content-Security-Policy', b"base-uri 'none'; default-src 'none'; form-action 'none'; frame-ancestors 'none'; img-src 'self'; script-src 'self' 'report-sample'; style-src 'self'; worker-src 'none'; upgrade-insecure-requests; report-uri https://q.stripe.com/csp-violation?q=ED8BIYXDPfUy5ZbMUsKEgreAEl4rYcAfYCLHkx9tACInQtbuJjcvUbWw2j-jNorwjsluF_uUCTy-9Nlp; report-to csp"), (b'Idempotency-Key', b'41fb4642-d6a6-e015-7ba3-2930cf3e1270'), (b'Original-Request', b'req_7AvLo2YeEFke2a'), (b'Report-To', b'{"group":"csp","max_age":8640,"endpoints":[{"url":"https://q.stripe.com/csp-report-v2?q=ED8BIYXDPfUy5ZbMUsKEgreAEl4rYcAfYCLHkx9tACInQtbuJjcvUbWw2j-jNorwjsluF_uUCTy-9Nlp&t=1"}],"include_subdomains":true}'), (b'Reporting-Endpoints', b'csp="https://q.stripe.com/csp-report-v2?q=ED8BIYXDPfUy5ZbMUsKEgreAEl4rYcAfYCLHkx9tACInQtbuJjcvUbWw2j-jNorwjsluF_uUCTy-9Nlp&t=1"'), (b'Request-Id', b'req_7AvLo2YeEFke2a'), (b'Stripe-Should-Retry', b'false'), (b'Stripe-Version', b'2026-07-29.dahlia'), (b'Vary', b'Origin'), (b'X-Stripe-Priority-Routing-Enabled', b'true'), (b'X-Stripe-Routing-Context-Priority-Tier', b'api-testmode'), (b'X-Wc', b'3c3'), (b'Strict-Transport-Security', b'max-age=63072000; includeSubDomains; preload')])
2026-08-13 19:59:23,796 - httpx - INFO - HTTP Request: POST https://api.stripe.com/v1/checkout/sessions "HTTP/1.1 200 OK"
2026-08-13 19:59:23,797 - httpcore.http11 - DEBUG - receive_response_body.started request=<Request [b'POST']>
2026-08-13 19:59:23,797 - httpcore.http11 - DEBUG - receive_response_body.complete
2026-08-13 19:59:23,797 - httpcore.http11 - DEBUG - response_closed.started
2026-08-13 19:59:23,797 - httpcore.http11 - DEBUG - response_closed.complete
2026-08-13 19:59:23,798 - stripe - INFO - message='Stripe API response' path=https://api.stripe.com/v1/checkout/sessions response_code=200
2026-08-13 19:59:23,798 - stripe - DEBUG - body='{\n  "id": "cs_test_a16ikKzsSjgCARMXNxHAOLWphAmbACz6nUl1E9ga6GObpM58H8v1vvjAQB",\n  "object": "checkout.session",\n  "adaptive_pricing": {\n    "enabled": true\n  },\n  "after_expiration": null,\n  "allow_promotion_codes": null,\n  "amount_subtotal": 180,\n  "amount_total": 180,\n  "automatic_tax": {\n    "enabled": false,\n    "liability": null,\n    "provider": null,\n    "status": null\n  },\n  "billing_address_collection": null,\n  "branding_settings": {\n    "background_color": "#ffffff",\n    "border_style": "rounded",\n    "button_color": "#0074d4",\n    "display_name": "BeautyFit sandbox",\n    "font_family": "default",\n    "icon": null,\n    "logo": null\n  },\n  "cancel_url": "http://localhost:3000/results",\n  "client_reference_id": null,\n  "client_secret": null,\n  "collected_information": null,\n  "consent": null,\n  "consent_collection": null,\n  "created": 1786651163,\n  "currency": "usd",\n  "currency_conversion": null,\n  "custom_fields": [],\n  "custom_text": {\n    "after_submit": null,\n    "shipping_address": null,\n    "submit": null,\n    "terms_of_service_acceptance": null\n  },\n  "customer": null,\n  "customer_account": null,\n  "customer_creation": "if_required",\n  "customer_details": null,\n  "customer_email": null,\n  "discounts": [],\n  "expires_at": 1786737563,\n  "integration_identifier": null,\n  "invoice": null,\n  "invoice_creation": {\n    "enabled": false,\n    "invoice_data": {\n      "account_tax_ids": null,\n      "custom_fields": null,\n      "description": null,\n      "footer": null,\n      "issuer": null,\n      "metadata": {},\n      "rendering_options": null\n    }\n  },\n  "livemode": false,\n  "locale": null,\n  "managed_payments": {\n    "enabled": false\n  },\n  "metadata": {\n    "email": "final@beautyfit.dev",\n    "plan": "one_time",\n    "style_id": "",\n    "user_id": "final-check-user"\n  },\n  "mode": "payment",\n  "origin_context": null,\n  "payment_intent": null,\n  "payment_link": null,\n  "payment_method_collection": "if_required",\n  "payment_method_configuration_details": {\n    "id": "pmc_1U3h0yFICqy1pS7lzMN1wWtD",\n    "parent": null\n  },\n  "payment_method_options": {\n    "card": {\n      "request_three_d_secure": "automatic"\n    }\n  },\n  "payment_method_types": [\n    "card",\n    "klarna",\n    "link",\n    "cashapp",\n    "amazon_pay"\n  ],\n  "payment_status": "unpaid",\n  "permissions": null,\n  "phone_number_collection": {\n    "enabled": false\n  },\n  "recovered_from": null,\n  "saved_payment_method_options": null,\n  "setup_intent": null,\n  "shipping_address_collection": null,\n  "shipping_cost": null,\n  "shipping_options": [],\n  "status": "open",\n  "submit_type": null,\n  "subscription": null,\n  "success_url": "http://localhost:3000/checkout/success?session_id={CHECKOUT_SESSION_ID}",\n  "total_details": {\n    "amount_discount": 0,\n    "amount_shipping": 0,\n    "amount_tax": 0\n  },\n  "ui_mode": "hosted_page",\n  "url": "https://checkout.stripe.com/c/pay/cs_test_a16ikKzsSjgCARMXNxHAOLWphAmbACz6nUl1E9ga6GObpM58H8v1vvjAQB#fidnandhYHdWcXxpYCc%2FJ2FgY2RwaXEnKSdicGRmZGhqaWBTZHdsZGtxJz8nZmprcXdqaScpJ2R1bE5gfCc%2FJ3VuWnFgdnFaMDRQNm01VUNMRnR8NHVWMmlAVz1oMU1TUGlqSDZOSE4wN0MxQzUwUzVORjdkMUtdUmtDT1RDbkBfYjJDbHNncnNgSHR%2FXVdqRlJ%2FYGtXU2l2f2A2f1BjZDA1NWtcMGtSPFZ9JyknY3dqaFZgd3Ngdyc%2FcXdwYCknZ2RmbmJ3anBrYUZqaWp3Jz8nJmNjY2NjYycpJ2lkfGpwcVF8dWAnPyd2bGtiaWBabHFgaCcpJ2BrZGdpYFVpZGZgbWppYWB3dic%2FcXdwYHgl",\n  "wallet_options": null\n}' message='API response body'
2026-08-13 19:59:23,798 - stripe - DEBUG - link=https://dashboard.stripe.com/test/logs/req_7AvLo2YeEFke2a message='Dashboard link for request'
2026-08-13 19:59:32,448 - services.face_analysis - INFO - [BeautyFit v2.1] img=800x800 Metrics: face_ratio=1.114, jaw_angle=146.7, jaw_ratio=1.354, forehead_ratio=0.925, chin_ratio=0.316, EAR=0.325, eye_aspect_ratio=2.95, eye_tilt_angle=-0.78, lid_visibility=0.479, nose_bridge_height=0.024, lip_height_ratio=0.1586, cupid_bow_ratio=0.061
2026-08-13 19:59:40,169 - core.database - DEBUG - [DB_OP] Starting get_db session creation
2026-08-13 19:59:40,170 - core.database - DEBUG - [DB_OP] Database session created successfully in 0.0007s
2026-08-13 19:59:40,852 - sqlalchemy.engine.Engine - INFO - BEGIN (implicit)
2026-08-13 19:59:40,855 - sqlalchemy.engine.Engine - INFO - DELETE FROM oidc_states WHERE oidc_states.expires_at < $1::TIMESTAMP WITH TIME ZONE
2026-08-13 19:59:40,856 - sqlalchemy.engine.Engine - INFO - [generated in 0.00046s] (datetime.datetime(2026, 8, 13, 19, 59, 40, 170911, tzinfo=datetime.timezone.utc),)
2026-08-13 19:59:41,376 - sqlalchemy.engine.Engine - INFO - INSERT INTO oidc_states (state, nonce, code_verifier, expires_at) VALUES ($1::VARCHAR, $2::VARCHAR, $3::VARCHAR, $4::TIMESTAMP WITH TIME ZONE) RETURNING oidc_states.id, oidc_states.created_at
2026-08-13 19:59:41,377 - sqlalchemy.engine.Engine - INFO - [generated in 0.00048s] ('9u857Q-EHbuoGMFB7q1l_pWaLzO7klsuTGPcBE6FfQs', 'UI-Q1RwmT53_bYhmKMl3NcaAgLO6L56I4Xs5-8KsK1I', 'hq-e0lNAmODU1Nz4Cbong-ajMtEc7Fp29WVCXPcRyqG4nv2nNN1El8fgaB2Yge-AkwteE2RQHgKsTqOMPU2_9LunEFab2llCJu0qCNTZ85LGA_loyfvudug69BvZtl1M', datetime.datetime(2026, 8, 13, 20, 9, 41, 371919, tzinfo=datetime.timezone.utc))
2026-08-13 19:59:41,764 - sqlalchemy.engine.Engine - INFO - COMMIT
2026-08-13 19:59:41,941 - routers.auth - DEBUG - [get_dynamic_backend_url] mgx-external-domain=None, x-forwarded-host=None, host=localhost:8000, scheme=https, dynamic_url=https://localhost:8000
2026-08-13 19:59:41,941 - routers.auth - INFO - [login] Starting OIDC flow with redirect_uri=https://localhost:8000/api/v1/auth/callback
2026-08-13 19:59:41,942 - core.database - ERROR - Database session error: 'Settings' object has no attribute 'oidc_client_id'
Traceback (most recent call last):
  File "/workspace/App/backend/core/database.py", line 573, in get_db
    yield session
  File "/usr/local/lib/python3.11/dist-packages/fastapi/routing.py", line 144, in app
    response = await f(request)
               ^^^^^^^^^^^^^^^^
  File "/usr/local/lib/python3.11/dist-packages/fastapi/routing.py", line 706, in app
    raw_response = await run_endpoint_function(
                   ^^^^^^^^^^^^^^^^^^^^^^^^^^^^
  File "/usr/local/lib/python3.11/dist-packages/fastapi/routing.py", line 352, in run_endpoint_function
    return await dependant.call(**values)
           ^^^^^^^^^^^^^^^^^^^^^^^^^^^^^^
  File "/workspace/App/backend/routers/auth.py", line 97, in login
    auth_url = build_authorization_url(state, nonce, code_challenge, redirect_uri=redirect_uri)
               ^^^^^^^^^^^^^^^^^^^^^^^^^^^^^^^^^^^^^^^^^^^^^^^^^^^^^^^^^^^^^^^^^^^^^^^^^^^^^^^^
  File "/workspace/App/backend/core/auth.py", line 240, in build_authorization_url
    "client_id": settings.oidc_client_id,
                 ^^^^^^^^^^^^^^^^^^^^^^^
  File "/workspace/App/backend/core/config.py", line 87, in __getattr__
    raise AttributeError(f"'{self.__class__.__name__}' object has no attribute '{name}'")
AttributeError: 'Settings' object has no attribute 'oidc_client_id'
2026-08-13 19:59:41,945 - core.database - DEBUG - [DB_OP] Database session cleanup after 1.7759s
2026-08-13 19:59:41,946 - core.database - ERROR - Failed to create database session: 'Settings' object has no attribute 'oidc_client_id'
Traceback (most recent call last):
  File "/workspace/App/backend/core/database.py", line 573, in get_db
    yield session
  File "/usr/local/lib/python3.11/dist-packages/fastapi/routing.py", line 144, in app
    response = await f(request)
               ^^^^^^^^^^^^^^^^
  File "/usr/local/lib/python3.11/dist-packages/fastapi/routing.py", line 706, in app
    raw_response = await run_endpoint_function(
                   ^^^^^^^^^^^^^^^^^^^^^^^^^^^^
  File "/usr/local/lib/python3.11/dist-packages/fastapi/routing.py", line 352, in run_endpoint_function
    return await dependant.call(**values)
           ^^^^^^^^^^^^^^^^^^^^^^^^^^^^^^
  File "/workspace/App/backend/routers/auth.py", line 97, in login
    auth_url = build_authorization_url(state, nonce, code_challenge, redirect_uri=redirect_uri)
               ^^^^^^^^^^^^^^^^^^^^^^^^^^^^^^^^^^^^^^^^^^^^^^^^^^^^^^^^^^^^^^^^^^^^^^^^^^^^^^^^
  File "/workspace/App/backend/core/auth.py", line 240, in build_authorization_url
    "client_id": settings.oidc_client_id,
                 ^^^^^^^^^^^^^^^^^^^^^^^
  File "/workspace/App/backend/core/config.py", line 87, in __getattr__
    raise AttributeError(f"'{self.__class__.__name__}' object has no attribute '{name}'")
AttributeError: 'Settings' object has no attribute 'oidc_client_id'
2026-08-13 19:59:41,957 - __main__ - ERROR - Exception: AttributeError: 'Settings' object has no attribute 'oidc_client_id'
Traceback (most recent call last):
  File "/usr/local/lib/python3.11/dist-packages/starlette/middleware/errors.py", line 164, in __call__
    await self.app(scope, receive, _send)
  File "/usr/local/lib/python3.11/dist-packages/starlette/middleware/cors.py", line 88, in __call__
    await self.app(scope, receive, send)
  File "/usr/local/lib/python3.11/dist-packages/starlette/middleware/exceptions.py", line 63, in __call__
    await wrap_app_handling_exceptions(self.app, conn)(scope, receive, send)
  File "/usr/local/lib/python3.11/dist-packages/starlette/_exception_handler.py", line 53, in wrapped_app
    raise exc
  File "/usr/local/lib/python3.11/dist-packages/starlette/_exception_handler.py", line 42, in wrapped_app
    await app(scope, receive, sender)
  File "/usr/local/lib/python3.11/dist-packages/fastapi/middleware/asyncexitstack.py", line 18, in __call__
    await self.app(scope, receive, send)
  File "/usr/local/lib/python3.11/dist-packages/starlette/routing.py", line 670, in __call__
    await self.middleware_stack(scope, receive, send)
  File "/usr/local/lib/python3.11/dist-packages/fastapi/routing.py", line 2734, in app
    await route.handle(scope, receive, send)
  File "/usr/local/lib/python3.11/dist-packages/fastapi/routing.py", line 1780, in handle
    await self.original_router.handle(scope, receive, send)
  File "/usr/local/lib/python3.11/dist-packages/fastapi/routing.py", line 2789, in handle
    await included_router._handle_selected(scope, receive, send)
  File "/usr/local/lib/python3.11/dist-packages/fastapi/routing.py", line 1800, in _handle_selected
    await original_route.handle(scope, receive, send)
  File "/usr/local/lib/python3.11/dist-packages/fastapi/routing.py", line 1279, in handle
    await app(scope, receive, send)
  File "/usr/local/lib/python3.11/dist-packages/fastapi/routing.py", line 158, in app
    await wrap_app_handling_exceptions(app, request)(scope, receive, send)
  File "/usr/local/lib/python3.11/dist-packages/starlette/_exception_handler.py", line 53, in wrapped_app
    raise exc
  File "/usr/local/lib/python3.11/dist-packages/starlette/_exception_handler.py", line 42, in wrapped_app
    await app(scope, receive, sender)
  File "/usr/local/lib/python3.11/dist-packages/fastapi/routing.py", line 144, in app
    response = await f(request)
               ^^^^^^^^^^^^^^^^
  File "/usr/local/lib/python3.11/dist-packages/fastapi/routing.py", line 706, in app
    raw_response = await run_endpoint_function(
                   ^^^^^^^^^^^^^^^^^^^^^^^^^^^^
  File "/usr/local/lib/python3.11/dist-packages/fastapi/routing.py", line 352, in run_endpoint_function
    return await dependant.call(**values)
           ^^^^^^^^^^^^^^^^^^^^^^^^^^^^^^
  File "/workspace/App/backend/routers/auth.py", line 97, in login
    auth_url = build_authorization_url(state, nonce, code_challenge, redirect_uri=redirect_uri)
               ^^^^^^^^^^^^^^^^^^^^^^^^^^^^^^^^^^^^^^^^^^^^^^^^^^^^^^^^^^^^^^^^^^^^^^^^^^^^^^^^
  File "/workspace/App/backend/core/auth.py", line 240, in build_authorization_url
    "client_id": settings.oidc_client_id,
                 ^^^^^^^^^^^^^^^^^^^^^^^
  File "/workspace/App/backend/core/config.py", line 87, in __getattr__
    raise AttributeError(f"'{self.__class__.__name__}' object has no attribute '{name}'")
AttributeError: 'Settings' object has no attribute 'oidc_client_id'

2026-08-13 20:01:15,115 - dependencies.auth - DEBUG - Authentication required for request GET /api/v1/auth/me
2026-08-13 20:01:54,370 - services.face_analysis - INFO - [BeautyFit v2.1] img=800x800 Metrics: face_ratio=1.114, jaw_angle=146.7, jaw_ratio=1.354, forehead_ratio=0.925, chin_ratio=0.316, EAR=0.325, eye_aspect_ratio=2.95, eye_tilt_angle=-0.78, lid_visibility=0.479, nose_bridge_height=0.024, lip_height_ratio=0.1586, cupid_bow_ratio=0.061
2026-08-13 20:02:03,571 - dependencies.auth - DEBUG - Authentication required for request POST /api/v1/payments/create_payment_session
2026-08-13 20:02:12,706 - dependencies.auth - DEBUG - Authentication required for request GET /api/v1/auth/me
2026-08-13 20:13:06,612 - dependencies.auth - DEBUG - Authentication required for request GET /api/v1/auth/me
