2026-08-07 17:54:56,186 - main - INFO - === Logging system initialized ===
2026-08-07 17:54:56,187 - main - INFO - Log file: logs/app_20260807_175456.log
2026-08-07 17:54:56,188 - main - INFO - Log level: INFO
2026-08-07 17:54:56,188 - main - INFO - Timestamp: 20260807_175456
2026-08-07 17:55:01,327 - main - INFO - Included router: routers.aihub.router
2026-08-07 17:55:01,365 - main - INFO - Included router: routers.auth.router
2026-08-07 17:55:01,385 - main - INFO - Included router: routers.face_analysis.router
2026-08-07 17:55:01,386 - main - INFO - Included router: routers.health.router
2026-08-07 17:55:01,466 - routers.lipsticks - INFO - Loaded 6190 lipstick records from /workspaces/beauty-fit-ai-progect-63/App/backend/data/lipstick_enriched.json
2026-08-07 17:55:01,482 - main - INFO - Included router: routers.lipsticks.router
2026-08-07 17:55:01,524 - main - INFO - Included router: routers.payments.router
2026-08-07 17:55:01,535 - services.pro_tutorial - INFO - [GeminiKeyManager] Initialized with 1 API key(s).
2026-08-07 17:55:01,539 - main - INFO - Included router: routers.pro_tutorial.router
2026-08-07 17:55:01,550 - main - INFO - Included router: routers.settings.router
2026-08-07 17:55:01,570 - main - INFO - Included router: routers.storage.router
2026-08-07 17:55:01,573 - main - INFO - Included router: routers.user.router
2026-08-07 17:55:01,607 - main - INFO - === Application startup initiated ===
2026-08-07 17:55:01,607 - services.database - DEBUG - [DB_OP] Starting database initialization
2026-08-07 17:55:01,607 - services.database - INFO - 🔧 Starting database initialization...
2026-08-07 17:55:01,607 - core.database - INFO - Starting database initialization...
2026-08-07 17:55:01,607 - core.config - DEBUG - Read dynamic attribute database_url from environment variable DATABASE_URL
2026-08-07 17:55:01,607 - core.database - INFO - Normalizing database URL for async compatibility...
2026-08-07 17:55:01,608 - core.database - DEBUG - Database exists:./beautyfit.db
2026-08-07 17:55:01,608 - core.database - INFO - Creating async database engine...
2026-08-07 17:55:01,608 - core.database - INFO - Using QueuePool with connection pooling for non-Lambda environment
2026-08-07 17:55:01,749 - core.database - INFO - Database engine created successfully
2026-08-07 17:55:01,749 - core.database - INFO - Creating async session maker...
2026-08-07 17:55:01,749 - core.database - INFO - Async session maker created successfully
2026-08-07 17:55:01,749 - core.database - INFO - Database connection initialized successfully
2026-08-07 17:55:01,750 - services.database - INFO - 🔧 Database connection initialized, now creating tables if tables not exist...
2026-08-07 17:55:01,750 - core.database - DEBUG - [DB_OP] Starting create_tables
2026-08-07 17:55:01,750 - core.database - INFO - 🔧 Starting table creation...
2026-08-07 17:55:01,751 - aiosqlite - DEBUG - executing <function connect.<locals>.connector at 0x7147d3569620>
2026-08-07 17:55:01,752 - aiosqlite - DEBUG - operation <function connect.<locals>.connector at 0x7147d3569620> completed
2026-08-07 17:55:01,752 - aiosqlite - DEBUG - executing functools.partial(<built-in method create_function of sqlite3.Connection object at 0x7147d2fe8e50>, 'regexp', 2, <function SQLiteDialect_pysqlite.on_connect.<locals>.regexp at 0x7147d3568900>, deterministic=True)
2026-08-07 17:55:01,752 - aiosqlite - DEBUG - operation functools.partial(<built-in method create_function of sqlite3.Connection object at 0x7147d2fe8e50>, 'regexp', 2, <function SQLiteDialect_pysqlite.on_connect.<locals>.regexp at 0x7147d3568900>, deterministic=True) completed
2026-08-07 17:55:01,752 - aiosqlite - DEBUG - executing functools.partial(<built-in method create_function of sqlite3.Connection object at 0x7147d2fe8e50>, 'floor', 1, <built-in function floor>, deterministic=True)
2026-08-07 17:55:01,753 - aiosqlite - DEBUG - operation functools.partial(<built-in method create_function of sqlite3.Connection object at 0x7147d2fe8e50>, 'floor', 1, <built-in function floor>, deterministic=True) completed
2026-08-07 17:55:01,753 - aiosqlite - DEBUG - executing functools.partial(<built-in method cursor of sqlite3.Connection object at 0x7147d2fe8e50>)
2026-08-07 17:55:01,753 - aiosqlite - DEBUG - operation functools.partial(<built-in method cursor of sqlite3.Connection object at 0x7147d2fe8e50>) completed
2026-08-07 17:55:01,753 - aiosqlite - DEBUG - executing functools.partial(<built-in method execute of sqlite3.Cursor object at 0x7147d354aa40>, 'PRAGMA read_uncommitted', [])
2026-08-07 17:55:01,754 - aiosqlite - DEBUG - operation functools.partial(<built-in method execute of sqlite3.Cursor object at 0x7147d354aa40>, 'PRAGMA read_uncommitted', []) completed
2026-08-07 17:55:01,754 - aiosqlite - DEBUG - executing functools.partial(<built-in method fetchall of sqlite3.Cursor object at 0x7147d354aa40>)
2026-08-07 17:55:01,754 - aiosqlite - DEBUG - operation functools.partial(<built-in method fetchall of sqlite3.Cursor object at 0x7147d354aa40>) completed
2026-08-07 17:55:01,754 - aiosqlite - DEBUG - executing functools.partial(<built-in method close of sqlite3.Cursor object at 0x7147d354aa40>)
2026-08-07 17:55:01,755 - aiosqlite - DEBUG - operation functools.partial(<built-in method close of sqlite3.Cursor object at 0x7147d354aa40>) completed
2026-08-07 17:55:01,755 - aiosqlite - DEBUG - executing functools.partial(<built-in method rollback of sqlite3.Connection object at 0x7147d2fe8e50>)
2026-08-07 17:55:01,755 - aiosqlite - DEBUG - operation functools.partial(<built-in method rollback of sqlite3.Connection object at 0x7147d2fe8e50>) completed
2026-08-07 17:55:01,756 - aiosqlite - DEBUG - executing functools.partial(<built-in method cursor of sqlite3.Connection object at 0x7147d2fe8e50>)
2026-08-07 17:55:01,756 - aiosqlite - DEBUG - operation functools.partial(<built-in method cursor of sqlite3.Connection object at 0x7147d2fe8e50>) completed
2026-08-07 17:55:01,757 - aiosqlite - DEBUG - executing functools.partial(<built-in method execute of sqlite3.Cursor object at 0x7147d354aa40>, 'PRAGMA main.table_info("users")', ())
2026-08-07 17:55:01,758 - aiosqlite - DEBUG - operation functools.partial(<built-in method execute of sqlite3.Cursor object at 0x7147d354aa40>, 'PRAGMA main.table_info("users")', ()) completed
2026-08-07 17:55:01,758 - aiosqlite - DEBUG - executing functools.partial(<built-in method fetchall of sqlite3.Cursor object at 0x7147d354aa40>)
2026-08-07 17:55:01,758 - aiosqlite - DEBUG - operation functools.partial(<built-in method fetchall of sqlite3.Cursor object at 0x7147d354aa40>) completed
2026-08-07 17:55:01,759 - aiosqlite - DEBUG - executing functools.partial(<built-in method close of sqlite3.Cursor object at 0x7147d354aa40>)
2026-08-07 17:55:01,759 - aiosqlite - DEBUG - operation functools.partial(<built-in method close of sqlite3.Cursor object at 0x7147d354aa40>) completed
2026-08-07 17:55:01,759 - aiosqlite - DEBUG - executing functools.partial(<built-in method cursor of sqlite3.Connection object at 0x7147d2fe8e50>)
2026-08-07 17:55:01,760 - aiosqlite - DEBUG - operation functools.partial(<built-in method cursor of sqlite3.Connection object at 0x7147d2fe8e50>) completed
2026-08-07 17:55:01,761 - aiosqlite - DEBUG - executing functools.partial(<built-in method execute of sqlite3.Cursor object at 0x7147d354aa40>, 'PRAGMA main.table_info("oidc_states")', ())
2026-08-07 17:55:01,761 - aiosqlite - DEBUG - operation functools.partial(<built-in method execute of sqlite3.Cursor object at 0x7147d354aa40>, 'PRAGMA main.table_info("oidc_states")', ()) completed
2026-08-07 17:55:01,761 - aiosqlite - DEBUG - executing functools.partial(<built-in method fetchall of sqlite3.Cursor object at 0x7147d354aa40>)
2026-08-07 17:55:01,761 - aiosqlite - DEBUG - operation functools.partial(<built-in method fetchall of sqlite3.Cursor object at 0x7147d354aa40>) completed
2026-08-07 17:55:01,762 - aiosqlite - DEBUG - executing functools.partial(<built-in method close of sqlite3.Cursor object at 0x7147d354aa40>)
2026-08-07 17:55:01,762 - aiosqlite - DEBUG - operation functools.partial(<built-in method close of sqlite3.Cursor object at 0x7147d354aa40>) completed
2026-08-07 17:55:01,762 - core.database - INFO - Tables initialized successfully
2026-08-07 17:55:01,763 - core.database - DEBUG - [DB_OP] Create tables completed in 0.0128s
2026-08-07 17:55:01,763 - aiosqlite - DEBUG - executing functools.partial(<built-in method commit of sqlite3.Connection object at 0x7147d2fe8e50>)
2026-08-07 17:55:01,763 - aiosqlite - DEBUG - operation functools.partial(<built-in method commit of sqlite3.Connection object at 0x7147d2fe8e50>) completed
2026-08-07 17:55:01,763 - aiosqlite - DEBUG - executing functools.partial(<built-in method rollback of sqlite3.Connection object at 0x7147d2fe8e50>)
2026-08-07 17:55:01,764 - aiosqlite - DEBUG - operation functools.partial(<built-in method rollback of sqlite3.Connection object at 0x7147d2fe8e50>) completed
2026-08-07 17:55:01,764 - services.database - INFO - 🔧 Table creation completed
2026-08-07 17:55:01,764 - services.database - INFO - Database initialized successfully
2026-08-07 17:55:01,764 - services.database - DEBUG - [DB_OP] Database initialization completed in 0.1577s
2026-08-07 17:55:01,765 - services.mock_data - INFO - mock_data directory not found, skipping mock initialization
2026-08-07 17:55:01,765 - services.database - DEBUG - [DB_OP] Starting database initialization
2026-08-07 17:55:01,765 - services.database - INFO - 🔧 Starting database initialization...
2026-08-07 17:55:01,766 - core.database - INFO - Starting database initialization...
2026-08-07 17:55:01,766 - core.database - INFO - Database already initialized
2026-08-07 17:55:01,766 - services.database - INFO - 🔧 Database connection initialized, now creating tables if tables not exist...
2026-08-07 17:55:01,766 - core.database - DEBUG - [DB_OP] Starting create_tables
2026-08-07 17:55:01,767 - core.database - INFO - Tables already initialized
2026-08-07 17:55:01,767 - services.database - INFO - 🔧 Table creation completed
2026-08-07 17:55:01,767 - services.database - INFO - Database initialized successfully
2026-08-07 17:55:01,767 - services.database - DEBUG - [DB_OP] Database initialization completed in 0.0025s
2026-08-07 17:55:01,768 - services.auth - WARNING - Admin user ID or email not configured, skipping admin initialization
2026-08-07 17:55:01,768 - main - INFO - === Application startup completed successfully ===
2026-08-07 18:24:19,839 - services.database - DEBUG - [DB_OP] Starting database close
2026-08-07 18:24:19,852 - aiosqlite - DEBUG - executing functools.partial(<built-in method close of sqlite3.Connection object at 0x7147d2fe8e50>)
2026-08-07 18:24:19,853 - aiosqlite - DEBUG - operation functools.partial(<built-in method close of sqlite3.Connection object at 0x7147d2fe8e50>) completed
2026-08-07 18:24:19,853 - aiosqlite - DEBUG - executing <function Connection.stop.<locals>.close_and_stop at 0x7147d3569a80>
2026-08-07 18:24:19,853 - aiosqlite - DEBUG - operation <function Connection.stop.<locals>.close_and_stop at 0x7147d3569a80> completed
2026-08-07 18:24:19,853 - core.database - INFO - Database connection closed and engine disposed
2026-08-07 18:24:19,854 - services.database - INFO - Database connections closed
2026-08-07 18:24:19,854 - services.database - DEBUG - [DB_OP] Database close completed in 0.0144s
