2026-08-13 19:51:13,491 - __main__ - INFO - === Logging system initialized ===
2026-08-13 19:51:13,492 - __main__ - INFO - Log file: logs/app_20260813_195113.log
2026-08-13 19:51:13,492 - __main__ - INFO - Log level: INFO
2026-08-13 19:51:13,492 - __main__ - INFO - Timestamp: 20260813_195113
2026-08-13 19:51:19,276 - __main__ - INFO - Included router: routers.aihub.router
2026-08-13 19:51:19,292 - __main__ - INFO - Included router: routers.auth.router
2026-08-13 19:51:19,315 - __main__ - INFO - Included router: routers.face_analysis.router
2026-08-13 19:51:19,316 - __main__ - INFO - Included router: routers.health.router
2026-08-13 19:51:19,537 - routers.lipsticks - INFO - Loaded 6190 lipstick records from /workspace/App/backend/data/lipstick_enriched.json
2026-08-13 19:51:19,566 - __main__ - INFO - Included router: routers.lipsticks.router
2026-08-13 19:51:19,626 - __main__ - INFO - Included router: routers.payments.router
2026-08-13 19:51:19,648 - services.pro_tutorial - INFO - [GeminiKeyManager] Initialized with 1 API key(s).
2026-08-13 19:51:19,658 - __main__ - INFO - Included router: routers.pro_tutorial.router
2026-08-13 19:51:19,676 - __main__ - INFO - Included router: routers.settings.router
2026-08-13 19:51:19,715 - __main__ - INFO - Included router: routers.storage.router
2026-08-13 19:51:19,722 - __main__ - INFO - Included router: routers.user.router
2026-08-13 19:51:19,760 - __main__ - INFO - === Application startup initiated ===
2026-08-13 19:51:19,761 - services.database - DEBUG - [DB_OP] Starting database initialization
2026-08-13 19:51:19,761 - services.database - INFO - 🔧 Starting database initialization...
2026-08-13 19:51:19,761 - core.database - INFO - Starting database initialization...
2026-08-13 19:51:19,761 - core.database - INFO - Normalizing database URL for async compatibility...
2026-08-13 19:51:19,763 - core.database - WARNING - Adjusted database URL driver for async compatibility
2026-08-13 19:51:19,763 - core.database - INFO - Creating async database engine...
2026-08-13 19:51:19,763 - core.database - INFO - Using QueuePool with connection pooling for non-Lambda environment
2026-08-13 19:51:19,818 - core.database - INFO - Database engine created successfully
2026-08-13 19:51:19,818 - core.database - INFO - Creating async session maker...
2026-08-13 19:51:19,818 - core.database - INFO - Async session maker created successfully
2026-08-13 19:51:19,818 - core.database - INFO - Database connection initialized successfully
2026-08-13 19:51:19,818 - services.database - INFO - 🔧 Database connection initialized; skipping table creation in Supabase mode
2026-08-13 19:51:19,818 - services.database - INFO - Database initialized successfully
2026-08-13 19:51:19,818 - services.database - DEBUG - [DB_OP] Database initialization completed in 0.0576s
2026-08-13 19:51:19,819 - services.mock_data - INFO - mock_data directory not found, skipping mock initialization
2026-08-13 19:51:19,819 - services.database - DEBUG - [DB_OP] Starting database initialization
2026-08-13 19:51:19,819 - services.database - INFO - 🔧 Starting database initialization...
2026-08-13 19:51:19,819 - core.database - INFO - Starting database initialization...
2026-08-13 19:51:19,819 - core.database - INFO - Database already initialized
2026-08-13 19:51:19,819 - services.database - INFO - 🔧 Database connection initialized; skipping table creation in Supabase mode
2026-08-13 19:51:19,819 - services.database - INFO - Database initialized successfully
2026-08-13 19:51:19,819 - services.database - DEBUG - [DB_OP] Database initialization completed in 0.0004s
2026-08-13 19:51:19,819 - services.auth - WARNING - Admin user ID or email not configured, skipping admin initialization
2026-08-13 19:51:19,819 - __main__ - INFO - === Application startup completed successfully ===
2026-08-13 19:51:32,983 - dependencies.auth - DEBUG - Authentication required for request GET /api/v1/auth/me
2026-08-13 19:51:34,176 - core.database - DEBUG - [DB_OP] Starting get_db session creation
2026-08-13 19:51:34,176 - core.database - DEBUG - [DB_OP] Database session created successfully in 0.0004s
2026-08-13 19:51:34,177 - core.config - DEBUG - Read dynamic attribute stripe_webhook_secret from environment variable STRIPE_WEBHOOK_SECRET
2026-08-13 19:51:34,177 - services.payment - INFO - Stripe API key loaded from environment
2026-08-13 19:51:34,184 - routers.payments - ERROR - Webhook signature verification failed: No signatures found matching the expected signature for payload
2026-08-13 19:51:34,187 - core.database - ERROR - Database session error: 400: Invalid signature
Traceback (most recent call last):
  File "/workspace/App/backend/routers/payments.py", line 245, in stripe_webhook
    event = stripe.Webhook.construct_event(
            ^^^^^^^^^^^^^^^^^^^^^^^^^^^^^^^
  File "/usr/local/lib/python3.11/dist-packages/stripe/_webhook.py", line 75, in construct_event
    WebhookSignature.verify_header(payload, sig_header, secret, tolerance)
  File "/usr/local/lib/python3.11/dist-packages/stripe/_webhook.py", line 160, in verify_header
    raise SignatureVerificationError(
stripe._error.SignatureVerificationError: No signatures found matching the expected signature for payload

During handling of the above exception, another exception occurred:

Traceback (most recent call last):
  File "/workspace/App/backend/core/database.py", line 573, in get_db
    yield session
  File "/usr/local/lib/python3.11/dist-packages/fastapi/routing.py", line 144, in app
    response = await f(request)
               ^^^^^^^^^^^^^^^^
  File "/usr/local/lib/python3.11/dist-packages/fastapi/routing.py", line 706, in app
    raw_response = await run_endpoint_function(
                   ^^^^^^^^^^^^^^^^^^^^^^^^^^^^
  File "/usr/local/lib/python3.11/dist-packages/fastapi/routing.py", line 352, in run_endpoint_function
    return await dependant.call(**values)
           ^^^^^^^^^^^^^^^^^^^^^^^^^^^^^^
  File "/workspace/App/backend/routers/payments.py", line 259, in stripe_webhook
    raise HTTPException(status_code=400, detail="Invalid signature")
fastapi.exceptions.HTTPException: 400: Invalid signature
2026-08-13 19:51:34,192 - core.database - DEBUG - [DB_OP] Database session cleanup after 0.0165s
2026-08-13 19:51:34,193 - core.database - ERROR - Failed to create database session: 400: Invalid signature
Traceback (most recent call last):
  File "/workspace/App/backend/routers/payments.py", line 245, in stripe_webhook
    event = stripe.Webhook.construct_event(
            ^^^^^^^^^^^^^^^^^^^^^^^^^^^^^^^
  File "/usr/local/lib/python3.11/dist-packages/stripe/_webhook.py", line 75, in construct_event
    WebhookSignature.verify_header(payload, sig_header, secret, tolerance)
  File "/usr/local/lib/python3.11/dist-packages/stripe/_webhook.py", line 160, in verify_header
    raise SignatureVerificationError(
stripe._error.SignatureVerificationError: No signatures found matching the expected signature for payload

During handling of the above exception, another exception occurred:

Traceback (most recent call last):
  File "/workspace/App/backend/core/database.py", line 573, in get_db
    yield session
  File "/usr/local/lib/python3.11/dist-packages/fastapi/routing.py", line 144, in app
    response = await f(request)
               ^^^^^^^^^^^^^^^^
  File "/usr/local/lib/python3.11/dist-packages/fastapi/routing.py", line 706, in app
    raw_response = await run_endpoint_function(
                   ^^^^^^^^^^^^^^^^^^^^^^^^^^^^
  File "/usr/local/lib/python3.11/dist-packages/fastapi/routing.py", line 352, in run_endpoint_function
    return await dependant.call(**values)
           ^^^^^^^^^^^^^^^^^^^^^^^^^^^^^^
  File "/workspace/App/backend/routers/payments.py", line 259, in stripe_webhook
    raise HTTPException(status_code=400, detail="Invalid signature")
fastapi.exceptions.HTTPException: 400: Invalid signature
2026-08-13 19:51:34,201 - core.database - DEBUG - [DB_OP] Starting get_db session creation
2026-08-13 19:51:34,201 - core.database - DEBUG - [DB_OP] Database session created successfully in 0.0004s
2026-08-13 19:51:35,318 - sqlalchemy.engine.Engine - INFO - select pg_catalog.version()
2026-08-13 19:51:35,319 - sqlalchemy.engine.Engine - INFO - [raw sql] ()
2026-08-13 19:51:35,846 - sqlalchemy.engine.Engine - INFO - select current_schema()
2026-08-13 19:51:35,847 - sqlalchemy.engine.Engine - INFO - [raw sql] ()
2026-08-13 19:51:36,532 - sqlalchemy.engine.Engine - INFO - show standard_conforming_strings
2026-08-13 19:51:36,532 - sqlalchemy.engine.Engine - INFO - [raw sql] ()
2026-08-13 19:51:37,046 - sqlalchemy.engine.Engine - INFO - BEGIN (implicit)
2026-08-13 19:51:37,060 - sqlalchemy.engine.Engine - INFO - SELECT entitlements.user_id, entitlements.plan, entitlements.status, entitlements.stripe_session_id, entitlements.stripe_customer_id, entitlements.stripe_subscription_id, entitlements.expires_at, entitlements.id, entitlements.created_at, entitlements.updated_at 
FROM entitlements 
WHERE entitlements.stripe_session_id = $1::VARCHAR
2026-08-13 19:51:37,060 - sqlalchemy.engine.Engine - INFO - [generated in 0.00074s] ('cs_test_webhook_ok1',)
2026-08-13 19:51:37,582 - sqlalchemy.engine.Engine - INFO - INSERT INTO entitlements (user_id, plan, status, stripe_session_id, stripe_customer_id, stripe_subscription_id, expires_at) VALUES ($1::VARCHAR, $2::VARCHAR, $3::VARCHAR, $4::VARCHAR, $5::VARCHAR, $6::VARCHAR, $7::TIMESTAMP WITH TIME ZONE) RETURNING entitlements.id, entitlements.created_at, entitlements.updated_at
2026-08-13 19:51:37,582 - sqlalchemy.engine.Engine - INFO - [generated in 0.00090s] ('test-webhook-user2', 'one_time', 'active', 'cs_test_webhook_ok1', None, None, None)
2026-08-13 19:51:37,928 - sqlalchemy.engine.Engine - INFO - COMMIT
2026-08-13 19:51:38,812 - sqlalchemy.engine.Engine - INFO - BEGIN (implicit)
2026-08-13 19:51:38,818 - sqlalchemy.engine.Engine - INFO - SELECT entitlements.user_id, entitlements.plan, entitlements.status, entitlements.stripe_session_id, entitlements.stripe_customer_id, entitlements.stripe_subscription_id, entitlements.expires_at, entitlements.id, entitlements.created_at, entitlements.updated_at 
FROM entitlements 
WHERE entitlements.id = $1::INTEGER
2026-08-13 19:51:38,818 - sqlalchemy.engine.Engine - INFO - [generated in 0.00074s] (2,)
2026-08-13 19:51:39,335 - services.entitlement - INFO - Granted Pro entitlement user_id=test-webhook-user2 plan=one_time session=cs_test_webhook_ok1 subscription=None
2026-08-13 19:51:39,336 - core.database - DEBUG - [DB_OP] Database session cleanup after 5.1357s
2026-08-13 19:51:39,337 - sqlalchemy.engine.Engine - INFO - ROLLBACK
2026-08-13 19:51:56,076 - core.database - DEBUG - [DB_OP] Starting get_db session creation
2026-08-13 19:51:56,078 - core.database - DEBUG - [DB_OP] Database session created successfully in 0.0021s
2026-08-13 19:51:56,790 - sqlalchemy.engine.Engine - INFO - BEGIN (implicit)
2026-08-13 19:51:56,792 - sqlalchemy.engine.Engine - INFO - SELECT entitlements.user_id, entitlements.plan, entitlements.status, entitlements.stripe_session_id, entitlements.stripe_customer_id, entitlements.stripe_subscription_id, entitlements.expires_at, entitlements.id, entitlements.created_at, entitlements.updated_at 
FROM entitlements 
WHERE entitlements.stripe_session_id = $1::VARCHAR
2026-08-13 19:51:56,793 - sqlalchemy.engine.Engine - INFO - [cached since 19.73s ago] ('cs_test_webhook_ok2',)
2026-08-13 19:51:57,151 - sqlalchemy.engine.Engine - INFO - INSERT INTO entitlements (user_id, plan, status, stripe_session_id, stripe_customer_id, stripe_subscription_id, expires_at) VALUES ($1::VARCHAR, $2::VARCHAR, $3::VARCHAR, $4::VARCHAR, $5::VARCHAR, $6::VARCHAR, $7::TIMESTAMP WITH TIME ZONE) RETURNING entitlements.id, entitlements.created_at, entitlements.updated_at
2026-08-13 19:51:57,151 - sqlalchemy.engine.Engine - INFO - [cached since 19.57s ago] ('test-webhook-user3', 'monthly', 'active', 'cs_test_webhook_ok2', None, None, datetime.datetime(2026, 9, 12, 19, 51, 57, 147717, tzinfo=datetime.timezone.utc))
2026-08-13 19:51:57,326 - sqlalchemy.engine.Engine - INFO - COMMIT
2026-08-13 19:51:58,203 - sqlalchemy.engine.Engine - INFO - BEGIN (implicit)
2026-08-13 19:51:58,205 - sqlalchemy.engine.Engine - INFO - SELECT entitlements.user_id, entitlements.plan, entitlements.status, entitlements.stripe_session_id, entitlements.stripe_customer_id, entitlements.stripe_subscription_id, entitlements.expires_at, entitlements.id, entitlements.created_at, entitlements.updated_at 
FROM entitlements 
WHERE entitlements.id = $1::INTEGER
2026-08-13 19:51:58,205 - sqlalchemy.engine.Engine - INFO - [cached since 19.39s ago] (3,)
2026-08-13 19:51:58,549 - services.entitlement - INFO - Granted Pro entitlement user_id=test-webhook-user3 plan=monthly session=cs_test_webhook_ok2 subscription=None
2026-08-13 19:51:58,550 - core.database - DEBUG - [DB_OP] Database session cleanup after 2.4747s
2026-08-13 19:51:58,551 - sqlalchemy.engine.Engine - INFO - ROLLBACK
2026-08-13 19:52:21,474 - services.face_analysis - INFO - [BeautyFit v2.1] img=800x800 Metrics: face_ratio=1.114, jaw_angle=146.7, jaw_ratio=1.354, forehead_ratio=0.925, chin_ratio=0.316, EAR=0.325, eye_aspect_ratio=2.95, eye_tilt_angle=-0.78, lid_visibility=0.479, nose_bridge_height=0.024, lip_height_ratio=0.1586, cupid_bow_ratio=0.061
2026-08-13 19:52:43,825 - dependencies.auth - DEBUG - Authentication required for request POST /api/v1/payments/create_payment_session
2026-08-13 19:55:48,680 - dependencies.auth - DEBUG - Authentication required for request GET /api/v1/auth/me
2026-08-13 19:56:01,487 - dependencies.auth - DEBUG - Authentication required for request GET /api/v1/auth/me
2026-08-13 19:56:05,911 - dependencies.auth - DEBUG - Authentication required for request GET /api/v1/auth/me
2026-08-13 19:56:10,152 - dependencies.auth - DEBUG - Authentication required for request GET /api/v1/auth/me
2026-08-13 19:56:24,463 - dependencies.auth - DEBUG - Authentication required for request GET /api/v1/auth/me
2026-08-13 19:57:25,216 - dependencies.auth - DEBUG - Authentication required for request GET /api/v1/auth/me
2026-08-13 19:57:25,682 - dependencies.auth - DEBUG - Authentication required for request GET /api/v1/payments/entitlement
2026-08-13 19:57:25,710 - dependencies.auth - DEBUG - Authentication required for request GET /api/v1/payments/entitlement
2026-08-13 19:57:35,749 - dependencies.auth - DEBUG - Authentication required for request GET /api/v1/auth/me
2026-08-13 19:57:46,552 - dependencies.auth - DEBUG - Authentication required for request GET /api/v1/auth/me
2026-08-13 19:57:49,964 - dependencies.auth - DEBUG - Authentication required for request GET /api/v1/auth/me
2026-08-13 19:57:52,544 - dependencies.auth - DEBUG - Authentication required for request GET /api/v1/auth/me
