2026-08-07 18:41:19,564 - main - INFO - === Logging system initialized ===
2026-08-07 18:41:19,564 - main - INFO - Log file: logs/app_20260807_184119.log
2026-08-07 18:41:19,564 - main - INFO - Log level: INFO
2026-08-07 18:41:19,564 - main - INFO - Timestamp: 20260807_184119
2026-08-07 18:41:24,246 - main - INFO - Included router: routers.aihub.router
2026-08-07 18:41:24,254 - main - INFO - Included router: routers.auth.router
2026-08-07 18:41:24,267 - main - INFO - Included router: routers.face_analysis.router
2026-08-07 18:41:24,267 - main - INFO - Included router: routers.health.router
2026-08-07 18:41:24,380 - routers.lipsticks - INFO - Loaded 6190 lipstick records from /workspaces/beauty-fit-ai-progect-63/App/backend/data/lipstick_enriched.json
2026-08-07 18:41:24,395 - main - INFO - Included router: routers.lipsticks.router
2026-08-07 18:41:24,444 - main - INFO - Included router: routers.payments.router
2026-08-07 18:41:24,455 - services.pro_tutorial - INFO - [GeminiKeyManager] Initialized with 1 API key(s).
2026-08-07 18:41:24,459 - main - INFO - Included router: routers.pro_tutorial.router
2026-08-07 18:41:24,469 - main - INFO - Included router: routers.settings.router
2026-08-07 18:41:24,490 - main - INFO - Included router: routers.storage.router
2026-08-07 18:41:24,493 - main - INFO - Included router: routers.user.router
2026-08-07 18:41:24,535 - main - INFO - === Application startup initiated ===
2026-08-07 18:41:24,535 - services.database - DEBUG - [DB_OP] Starting database initialization
2026-08-07 18:41:24,535 - services.database - INFO - 🔧 Starting database initialization...
2026-08-07 18:41:24,536 - core.database - INFO - Starting database initialization...
2026-08-07 18:41:24,536 - core.database - INFO - Normalizing database URL for async compatibility...
2026-08-07 18:41:24,536 - core.database - WARNING - Adjusted database URL driver for async compatibility
2026-08-07 18:41:24,537 - core.database - INFO - Creating async database engine...
2026-08-07 18:41:24,537 - core.database - INFO - Using QueuePool with connection pooling for non-Lambda environment
2026-08-07 18:41:24,580 - core.database - INFO - Database engine created successfully
2026-08-07 18:41:24,580 - core.database - INFO - Creating async session maker...
2026-08-07 18:41:24,580 - core.database - INFO - Async session maker created successfully
2026-08-07 18:41:24,580 - core.database - INFO - Database connection initialized successfully
2026-08-07 18:41:24,580 - services.database - INFO - 🔧 Database connection initialized, now creating tables if tables not exist...
2026-08-07 18:41:24,581 - core.database - DEBUG - [DB_OP] Starting create_tables
2026-08-07 18:41:24,581 - core.database - INFO - 🔧 Starting table creation...
2026-08-07 18:41:24,744 - core.database - ERROR - Failed to create tables: [Errno -2] Name or service not known
2026-08-07 18:41:24,744 - services.database - ERROR - Failed to initialize database: [Errno -2] Name or service not known
