2026-08-08 15:29:33,906 - main - INFO - === Logging system initialized ===
2026-08-08 15:29:33,906 - main - INFO - Log file: logs/app_20260808_152933.log
2026-08-08 15:29:33,906 - main - INFO - Log level: INFO
2026-08-08 15:29:33,906 - main - INFO - Timestamp: 20260808_152933
2026-08-08 15:29:37,506 - main - INFO - Included router: routers.aihub.router
2026-08-08 15:29:37,513 - main - INFO - Included router: routers.auth.router
2026-08-08 15:29:37,522 - main - INFO - Included router: routers.face_analysis.router
2026-08-08 15:29:37,523 - main - INFO - Included router: routers.health.router
2026-08-08 15:29:37,603 - routers.lipsticks - INFO - Loaded 6190 lipstick records from /workspaces/beauty-fit-ai-progect-63/App/backend/data/lipstick_enriched.json
2026-08-08 15:29:37,617 - main - INFO - Included router: routers.lipsticks.router
2026-08-08 15:29:37,651 - main - INFO - Included router: routers.payments.router
2026-08-08 15:29:37,670 - services.pro_tutorial - INFO - [GeminiKeyManager] Initialized with 1 API key(s).
2026-08-08 15:29:37,676 - main - INFO - Included router: routers.pro_tutorial.router
2026-08-08 15:29:37,689 - main - INFO - Included router: routers.settings.router
2026-08-08 15:29:37,708 - main - INFO - Included router: routers.storage.router
2026-08-08 15:29:37,712 - main - INFO - Included router: routers.user.router
2026-08-08 15:29:37,732 - main - INFO - === Application startup initiated ===
2026-08-08 15:29:37,733 - services.database - DEBUG - [DB_OP] Starting database initialization
2026-08-08 15:29:37,733 - services.database - INFO - 🔧 Starting database initialization...
2026-08-08 15:29:37,733 - core.database - INFO - Starting database initialization...
2026-08-08 15:29:37,733 - core.database - INFO - Normalizing database URL for async compatibility...
2026-08-08 15:29:37,734 - core.database - WARNING - Adjusted database URL driver for async compatibility
2026-08-08 15:29:37,734 - core.database - INFO - Creating async database engine...
2026-08-08 15:29:37,734 - core.database - INFO - Using QueuePool with connection pooling for non-Lambda environment
2026-08-08 15:29:37,778 - core.database - INFO - Database engine created successfully
2026-08-08 15:29:37,778 - core.database - INFO - Creating async session maker...
2026-08-08 15:29:37,778 - core.database - INFO - Async session maker created successfully
2026-08-08 15:29:37,778 - core.database - INFO - Database connection initialized successfully
2026-08-08 15:29:37,778 - services.database - INFO - 🔧 Database connection initialized; skipping table creation in Supabase mode
2026-08-08 15:29:37,778 - services.database - INFO - Database initialized successfully
2026-08-08 15:29:37,778 - services.database - DEBUG - [DB_OP] Database initialization completed in 0.0457s
2026-08-08 15:29:37,778 - services.mock_data - INFO - mock_data directory not found, skipping mock initialization
2026-08-08 15:29:37,779 - services.database - DEBUG - [DB_OP] Starting database initialization
2026-08-08 15:29:37,779 - services.database - INFO - 🔧 Starting database initialization...
2026-08-08 15:29:37,779 - core.database - INFO - Starting database initialization...
2026-08-08 15:29:37,779 - core.database - INFO - Database already initialized
2026-08-08 15:29:37,779 - services.database - INFO - 🔧 Database connection initialized; skipping table creation in Supabase mode
2026-08-08 15:29:37,779 - services.database - INFO - Database initialized successfully
2026-08-08 15:29:37,779 - services.database - DEBUG - [DB_OP] Database initialization completed in 0.0005s
2026-08-08 15:29:37,779 - services.auth - WARNING - Admin user ID or email not configured, skipping admin initialization
2026-08-08 15:29:37,779 - main - INFO - === Application startup completed successfully ===
2026-08-08 15:29:37,780 - services.database - DEBUG - [DB_OP] Starting database close
2026-08-08 15:29:37,780 - core.database - INFO - Database connection closed and engine disposed
2026-08-08 15:29:37,781 - services.database - INFO - Database connections closed
2026-08-08 15:29:37,781 - services.database - DEBUG - [DB_OP] Database close completed in 0.0006s
