2026-08-08 12:03:51,501 - main - INFO - === Logging system initialized ===
2026-08-08 12:03:51,501 - main - INFO - Log file: logs/app_20260808_120351.log
2026-08-08 12:03:51,501 - main - INFO - Log level: INFO
2026-08-08 12:03:51,502 - main - INFO - Timestamp: 20260808_120351
2026-08-08 12:04:04,186 - main - INFO - Included router: routers.aihub.router
2026-08-08 12:04:04,197 - main - INFO - Included router: routers.auth.router
2026-08-08 12:04:04,212 - main - INFO - Included router: routers.face_analysis.router
2026-08-08 12:04:04,212 - main - INFO - Included router: routers.health.router
2026-08-08 12:04:04,354 - routers.lipsticks - INFO - Loaded 6190 lipstick records from /workspaces/beauty-fit-ai-progect-63/App/backend/data/lipstick_enriched.json
2026-08-08 12:04:04,381 - main - INFO - Included router: routers.lipsticks.router
2026-08-08 12:04:04,614 - main - INFO - Included router: routers.payments.router
2026-08-08 12:04:04,630 - services.pro_tutorial - INFO - [GeminiKeyManager] Initialized with 1 API key(s).
2026-08-08 12:04:04,635 - main - INFO - Included router: routers.pro_tutorial.router
2026-08-08 12:04:04,648 - main - INFO - Included router: routers.settings.router
2026-08-08 12:04:04,674 - main - INFO - Included router: routers.storage.router
2026-08-08 12:04:04,679 - main - INFO - Included router: routers.user.router
2026-08-08 12:04:04,681 - main - INFO - === Application startup initiated ===
2026-08-08 12:04:04,681 - services.database - DEBUG - [DB_OP] Starting database initialization
2026-08-08 12:04:04,681 - services.database - INFO - 🔧 Starting database initialization...
2026-08-08 12:04:04,681 - core.database - INFO - Starting database initialization...
2026-08-08 12:04:04,682 - core.database - INFO - Normalizing database URL for async compatibility...
2026-08-08 12:04:04,683 - core.database - WARNING - Adjusted database URL driver for async compatibility
2026-08-08 12:04:04,683 - core.database - INFO - Creating async database engine...
2026-08-08 12:04:04,683 - core.database - INFO - Using QueuePool with connection pooling for non-Lambda environment
2026-08-08 12:04:05,004 - core.database - INFO - Database engine created successfully
2026-08-08 12:04:05,007 - core.database - INFO - Creating async session maker...
2026-08-08 12:04:05,008 - core.database - INFO - Async session maker created successfully
2026-08-08 12:04:05,008 - core.database - INFO - Database connection initialized successfully
2026-08-08 12:04:05,008 - services.database - INFO - 🔧 Database connection initialized; skipping table creation in Supabase mode
2026-08-08 12:04:05,010 - services.database - INFO - Database initialized successfully
2026-08-08 12:04:05,010 - services.database - DEBUG - [DB_OP] Database initialization completed in 0.3288s
2026-08-08 12:04:05,010 - services.mock_data - INFO - mock_data directory not found, skipping mock initialization
2026-08-08 12:04:05,010 - services.database - DEBUG - [DB_OP] Starting database initialization
2026-08-08 12:04:05,010 - services.database - INFO - 🔧 Starting database initialization...
2026-08-08 12:04:05,010 - core.database - INFO - Starting database initialization...
2026-08-08 12:04:05,010 - core.database - INFO - Database already initialized
2026-08-08 12:04:05,010 - services.database - INFO - 🔧 Database connection initialized; skipping table creation in Supabase mode
2026-08-08 12:04:05,011 - services.database - INFO - Database initialized successfully
2026-08-08 12:04:05,011 - services.database - DEBUG - [DB_OP] Database initialization completed in 0.0006s
2026-08-08 12:04:05,011 - services.auth - WARNING - Admin user ID or email not configured, skipping admin initialization
2026-08-08 12:04:05,011 - main - INFO - === Application startup completed successfully ===
2026-08-08 12:05:41,211 - services.database - DEBUG - [DB_OP] Starting database close
2026-08-08 12:05:41,212 - core.database - INFO - Database connection closed and engine disposed
2026-08-08 12:05:41,212 - services.database - INFO - Database connections closed
2026-08-08 12:05:41,212 - services.database - DEBUG - [DB_OP] Database close completed in 0.0010s
