2026-08-07 17:49:40,220 - main - INFO - === Logging system initialized ===
2026-08-07 17:49:40,221 - main - INFO - Log file: logs/app_20260807_174940.log
2026-08-07 17:49:40,221 - main - INFO - Log level: INFO
2026-08-07 17:49:40,221 - main - INFO - Timestamp: 20260807_174940
2026-08-07 17:49:44,007 - main - INFO - Included router: routers.aihub.router
2026-08-07 17:49:44,021 - main - INFO - Included router: routers.auth.router
2026-08-07 17:49:44,056 - main - INFO - Included router: routers.face_analysis.router
2026-08-07 17:49:44,058 - main - INFO - Included router: routers.health.router
2026-08-07 17:49:44,143 - routers.lipsticks - INFO - Loaded 6190 lipstick records from /workspaces/beauty-fit-ai-progect-63/App/backend/data/lipstick_enriched.json
2026-08-07 17:49:44,158 - main - INFO - Included router: routers.lipsticks.router
2026-08-07 17:49:44,194 - main - INFO - Included router: routers.payments.router
2026-08-07 17:49:44,221 - services.pro_tutorial - INFO - [GeminiKeyManager] Initialized with 1 API key(s).
2026-08-07 17:49:44,224 - main - INFO - Included router: routers.pro_tutorial.router
2026-08-07 17:49:44,237 - main - INFO - Included router: routers.settings.router
2026-08-07 17:49:44,261 - main - INFO - Included router: routers.storage.router
2026-08-07 17:49:44,266 - main - INFO - Included router: routers.user.router
2026-08-07 17:49:44,285 - main - INFO - === Application startup initiated ===
2026-08-07 17:49:44,286 - services.database - DEBUG - [DB_OP] Starting database initialization
2026-08-07 17:49:44,286 - services.database - INFO - 🔧 Starting database initialization...
2026-08-07 17:49:44,286 - core.database - INFO - Starting database initialization...
2026-08-07 17:49:44,286 - core.config - DEBUG - Read dynamic attribute database_url from environment variable DATABASE_URL
2026-08-07 17:49:44,286 - core.database - INFO - Normalizing database URL for async compatibility...
2026-08-07 17:49:44,287 - core.database - WARNING - Adjusted database URL driver for async compatibility
2026-08-07 17:49:44,287 - core.database - INFO - Creating async database engine...
2026-08-07 17:49:44,287 - core.database - INFO - Using QueuePool with connection pooling for non-Lambda environment
2026-08-07 17:49:44,319 - core.database - INFO - Database engine created successfully
2026-08-07 17:49:44,319 - core.database - INFO - Creating async session maker...
2026-08-07 17:49:44,319 - core.database - INFO - Async session maker created successfully
2026-08-07 17:49:44,319 - core.database - INFO - Database connection initialized successfully
2026-08-07 17:49:44,319 - services.database - INFO - 🔧 Database connection initialized, now creating tables if tables not exist...
2026-08-07 17:49:44,319 - core.database - DEBUG - [DB_OP] Starting create_tables
2026-08-07 17:49:44,320 - core.database - INFO - 🔧 Starting table creation...
2026-08-07 17:49:44,363 - core.database - ERROR - Failed to create tables: [Errno -2] Name or service not known
2026-08-07 17:49:44,363 - services.database - ERROR - Failed to initialize database: [Errno -2] Name or service not known
