2026-08-07 18:24:23,248 - main - INFO - === Logging system initialized ===
2026-08-07 18:24:23,249 - main - INFO - Log file: logs/app_20260807_182423.log
2026-08-07 18:24:23,249 - main - INFO - Log level: INFO
2026-08-07 18:24:23,249 - main - INFO - Timestamp: 20260807_182423
2026-08-07 18:24:27,321 - main - INFO - Included router: routers.aihub.router
2026-08-07 18:24:27,330 - main - INFO - Included router: routers.auth.router
2026-08-07 18:24:27,344 - main - INFO - Included router: routers.face_analysis.router
2026-08-07 18:24:27,345 - main - INFO - Included router: routers.health.router
2026-08-07 18:24:27,475 - routers.lipsticks - INFO - Loaded 6190 lipstick records from /workspaces/beauty-fit-ai-progect-63/App/backend/data/lipstick_enriched.json
2026-08-07 18:24:27,490 - main - INFO - Included router: routers.lipsticks.router
2026-08-07 18:24:27,536 - main - INFO - Included router: routers.payments.router
2026-08-07 18:24:27,547 - services.pro_tutorial - INFO - [GeminiKeyManager] Initialized with 1 API key(s).
2026-08-07 18:24:27,550 - main - INFO - Included router: routers.pro_tutorial.router
2026-08-07 18:24:27,560 - main - INFO - Included router: routers.settings.router
2026-08-07 18:24:27,579 - main - INFO - Included router: routers.storage.router
2026-08-07 18:24:27,582 - main - INFO - Included router: routers.user.router
2026-08-07 18:24:27,633 - main - INFO - === Application startup initiated ===
2026-08-07 18:24:27,633 - services.database - DEBUG - [DB_OP] Starting database initialization
2026-08-07 18:24:27,633 - services.database - INFO - 🔧 Starting database initialization...
2026-08-07 18:24:27,633 - core.database - INFO - Starting database initialization...
2026-08-07 18:24:27,634 - core.config - DEBUG - Read dynamic attribute database_url from environment variable DATABASE_URL
2026-08-07 18:24:27,634 - core.database - ERROR - No database URL provided. DATABASE_URL environment variable must be set.
2026-08-07 18:24:27,635 - services.database - ERROR - Failed to initialize database: DATABASE_URL environment variable is required
